SQLite 2020-06-18 14:00:33 7ebdfa80be8e8e73324b8d66b3460222eb74c7e9dfd655b48d6ca7e1933cc8fd
176 errors out of 204817 tests on  Linux 64-bit little-endian
!Failures on these tests:
bigmmap-2.0.0.3
bigmmap-2.0.1.3
bigmmap-2.0.2.3
bigmmap-2.0.3.3
bigmmap-2.0.4.3
bigmmap-2.0.5.3
bigmmap-2.0.6.3
bigmmap-2.0.7.3
bigmmap-2.1.0.3
bigmmap-2.1.1.3
bigmmap-2.1.2.3
bigmmap-2.1.3.3
bigmmap-2.1.4.3
bigmmap-2.1.5.3
bigmmap-2.1.6.3
bigmmap-2.1.7.3
bigmmap-2.2.0.3
bigmmap-2.2.1.3
bigmmap-2.2.2.3
bigmmap-2.2.3.3
bigmmap-2.2.4.3
bigmmap-2.2.5.3
bigmmap-2.2.6.3
bigmmap-2.2.7.3
bigmmap-2.3.0.3
bigmmap-2.3.1.3
bigmmap-2.3.2.3
bigmmap-2.3.3.3
bigmmap-2.3.4.3
bigmmap-2.3.5.3
bigmmap-2.3.6.3
bigmmap-2.3.7.3
bigmmap-2.4.0.3
bigmmap-2.4.1.3
bigmmap-2.4.2.3
bigmmap-2.4.3.3
bigmmap-2.4.4.3
bigmmap-2.4.5.3
bigmmap-2.4.6.3
bigmmap-2.4.7.3
bigmmap-2.5.0.3
bigmmap-2.5.1.3
bigmmap-2.5.2.3
bigmmap-2.5.3.3
bigmmap-2.5.4.3
bigmmap-2.5.5.3
bigmmap-2.5.6.3
bigmmap-2.5.7.3
bigmmap-2.6.0.3
bigmmap-2.6.1.3
bigmmap-2.6.2.3
bigmmap-2.6.3.3
bigmmap-2.6.4.3
bigmmap-2.6.5.3
bigmmap-2.6.6.3
bigmmap-2.6.7.3
bigmmap-2.7.0.3
bigmmap-2.7.1.3
bigmmap-2.7.2.3
bigmmap-2.7.3.3
bigmmap-2.7.4.3
bigmmap-2.7.5.3
bigmmap-2.7.6.3
bigmmap-2.7.7.3
bigmmap-2.8.0.3
bigmmap-2.8.1.3
bigmmap-2.8.2.3
bigmmap-2.8.3.3
bigmmap-2.8.4.3
bigmmap-2.8.5.3
bigmmap-2.8.6.3
bigmmap-2.8.7.3
check-2.1
check-2.2
check-2.3
check-2.4
check-2.5
check-2.5b
check-2.6
check-3.2
check-3.4
check-3.6
collate1-6.1
corruptL-1.1
corruptL-1.2
corruptL-1.3
corruptL-1.4
corruptL-2.1
corruptL-2.2
corruptL-4.1
corruptL-5.1
corruptL-5.2
corruptL-5.3
corruptL-6.1
corruptL-7.1
corruptL-8.1
corruptL-9.3
corruptL-10.1
corruptL-11.1
corruptL-12.1
corruptL-13.1
corruptL-14.1
corruptL-14.2
corruptL-15.1
crash8-1.2
crash8.2.1
crash8-4.4
crash8-4.7
crash8-4.8
crash8-4.10
ctime-1.4.3
ctime-2.1.3
dbfuzz001-101a
dbfuzz001-110
dbfuzz001-200
dbfuzz001-320
dbfuzz001-330
eval-4.1
expr-13.8
expr-13.9
func-21.3
func-21.4
func-21.5
func-21.6
func-21.7
func-21.8
func-29.1
func-29.3
func-29.5
gencol1-15.20
in-8.2
join-7.1
journal3-1.2.2.4
lock2-1.1
lock2-1.3
lock2-1.4
lock2-1.5
lock2-1.6
lock2-1.7
lock2-1.8
lock2-1.10
lock4-1.2
lock4-1.3
lock4-999.1
pragma3-201
pragma3-400
pragma3-410
pragma3-420
pragma3-430
select6-3.2
shared9-3.2
shared9-3.4
shared9-3.5
shared9-3.6
subquery-5.1
subquery-5.2
swarmvtab-3.1
swarmvtab-3.2
swarmvtab-3.3.1
swarmvtab-3.3.2
symlink-1.3
tkt-7bbfb7d442-2.3
tkt3442-1.3
tkt3841.1
tkt4018-1.3
tkt4018-1.4
tkt4018-2.2
update-15.1
utf16align-1.0
utf16align-1.2
vtab6-7.1
vtabH-3.0
wal2-12.2.2.4
walvfs-5.3
window6-6.1
writecrash-1.1.1
WARNING: Multi-threaded tests skipped: Linked against a non-threadsafe Tcl build
All memory allocations freed - no leaks
Memory used:          now          0  max     807440  max-size  100000016
Allocation count:     now          0  max    1311135
Page-cache used:      now          0  max         13  max-size      16648
Page-cache overflow:  now          0  max    6165632
Maximum memory usage: 807440 bytes
Current memory usage: 0 bytes
Number of malloc()  : -1 calls
